Please specify a device to simulate. The following devices are available:
    julabo
    linkam_t95
    chopper
